GST_ARGUS: Creating output stream
CONSUMER: Waiting until producer is connected...
GST_ARGUS: Available Sensor modes :
GST_ARGUS: 3264 x 2464 FR = 21.000000 fps Duration = 47619048 ; Analog Gain range min 1.000000, max 10.625000; Exposure Range min 13000, max 683709000;

GST_ARGUS: 3264 x 1848 FR = 28.000001 fps Duration = 35714284 ; Analog Gain range min 1.000000, max 10.625000; Exposure Range min 13000, max 683709000;

GST_ARGUS: 1920 x 1080 FR = 29.999999 fps Duration = 33333334 ; Analog Gain range min 1.000000, max 10.625000; Exposure Range min 13000, max 683709000;

GST_ARGUS: 1640 x 1232 FR = 29.999999 fps Duration = 33333334 ; Analog Gain range min 1.000000, max 10.625000; Exposure Range min 13000, max 683709000;

GST_ARGUS: 1280 x 720 FR = 59.999999 fps Duration = 16666667 ; Analog Gain range min 1.000000, max 10.625000; Exposure Range min 13000, max 683709000;

GST_ARGUS: 1280 x 720 FR = 120.000005 fps Duration = 8333333 ; Analog Gain range min 1.000000, max 10.625000; Exposure Range min 13000, max 683709000;

GST_ARGUS: Running with following settings:
   Camera index = 0 
   Camera mode  = 3 
   Output Stream W = 1640 H = 1232 
   seconds to Run    = 0 
   Frame Rate = 29.999999 
GST_ARGUS: Setup Complete, Starting captures for 0 seconds
GST_ARGUS: Starting repeat capture requests.
CONSUMER: Producer has connected; continuing.
[ WARN:0] global /home/nvidia/host/build_opencv/nv_opencv/modules/videoio/src/cap_gstreamer.cpp (933) open OpenCV | GStreamer warning: Cannot query video position: status=0, value=-1, duration=-1
loading engine ...
  input  (1, 3, 640, 640)
  output (1, 300, 6)   (end-to-end, no NMS)
opening camera ...
warming up 20 frames ...
measuring 200 frames ...

==============================================================
  PER-STAGE TIMING   (200 frames, MAXN)
==============================================================
  capture      mean    0.4   median    0.4   p95    0.5   max    0.5  ms
  preprocess   mean   18.6   median   18.5   p95   19.8   max   20.6  ms
  inference    mean   52.3   median   52.3   p95   53.2   max   54.4  ms
  postprocess  mean    0.1   median    0.1   p95    0.1   max    0.2  ms
  END TO END   mean   71.4   median   71.3   p95   72.7   max   74.0  ms

  end-to-end   14.01 FPS
  inference only 19.11 FPS   (what trtexec measures)
  the gap is what the camera and the CPU cost you

  frames with a detection : 0 / 200
  detections total        : 0
  annotated frames saved  : 0 in /home/aya5/cam_run
==============================================================
GST_ARGUS: Cleaning up
CONSUMER: Done Success
GST_ARGUS: Done Success
