=== FP16 negatives ===
engine: kd6_fp16.engine (10.57 MB)

set                         n   FPR@0.25   FPR@0.50
----------------------------------------------------
----------------------------------------------------
ALL SETS POOLED          1096      3.10 %      1.64 %

  max confidence over every negative image: 0.8965
  images above 0.50: 18 of 1096

=== INT8 negatives ===
engine: kd6_int8.engine (11.25 MB)

set                         n   FPR@0.25   FPR@0.50
----------------------------------------------------
----------------------------------------------------
ALL SETS POOLED          1096      3.10 %      1.73 %

  max confidence over every negative image: 0.8950
  images above 0.50: 19 of 1096

=== FP16 positives ===
engine: kd6_fp16.engine (10.57 MB)

set                         n   DET@0.25   DET@0.50
----------------------------------------------------
----------------------------------------------------
ALL SETS POOLED          1300     91.85 %     85.15 %

  max confidence over every negative image: 0.9761
  images above 0.50: 1107 of 1300

=== INT8 positives ===
engine: kd6_int8.engine (11.25 MB)

set                         n   DET@0.25   DET@0.50
----------------------------------------------------
----------------------------------------------------
ALL SETS POOLED          1300     92.00 %     85.31 %

  max confidence over every negative image: 0.9756
  images above 0.50: 1109 of 1300
